// Jest Snapshot v1, https://goo.gl/fbAQLP

exports[`renders correctly 1`] = `
<View
  style={
    {
      "alignItems": "center",
      "backgroundColor": "#fff",
      "color": "green",
      "flex": 1,
      "fontFamily": "Roboto",
      "justifyContent": "center",
    }
  }
>
  <Text
    style={
      {
        "color": "green",
        "fontSize": 20,
        "fontWeight": "bold",
        "padding": 10,
        "textAlign": "center",
      }
    }
  >
    BE BETTER
  </Text>
  <Image
    source={
      {
        "testUri": "../../../assets/plant_2820715 1.png",
      }
    }
  />
  <Text
    style={
      {
        "color": "green",
        "fontSize": 20,
        "fontWeight": "bold",
        "padding": 10,
        "textAlign": "center",
      }
    }
  >
    Привет!
  </Text>
  <Text
    style={
      {
        "color": "green",
        "padding": 20,
        "textAlign": "center",
      }
    }
  >
    С BE BETTER ты можешь стать лучше вместе с нашей планетой!
  </Text>
  <View
    accessibilityRole="button"
    accessibilityState={
      {
        "busy": undefined,
        "checked": undefined,
        "disabled": undefined,
        "expanded": undefined,
        "selected": undefined,
      }
    }
    accessibilityValue={
      {
        "max": undefined,
        "min": undefined,
        "now": undefined,
        "text": undefined,
      }
    }
    accessible={true}
    collapsable={false}
    focusable={true}
    onClick={[Function]}
    onResponderGrant={[Function]}
    onResponderMove={[Function]}
    onResponderRelease={[Function]}
    onResponderTerminate={[Function]}
    onResponderTerminationRequest={[Function]}
    onStartShouldSetResponder={[Function]}
    style={
      {
        "borderColor": "green",
        "borderRadius": 8,
        "borderWidth": 1,
        "justifyContent": "center",
        "marginBottom": 16,
        "marginHorizontal": "auto",
        "opacity": 1,
        "padding": 10,
        "width": "50%",
      }
    }
  >
    <Text
      style={
        [
          {
            "color": "#007aff",
            "fontSize": 17,
            "fontWeight": "normal",
            "textAlign": "left",
          },
          {
            "fontSize": 14,
            "textAlign": "center",
          },
          {
            "color": "green",
          },
          undefined,
        ]
      }
    >
      СТАРТ
    </Text>
  </View>
</View>
`;
